
> azur-os@1.0.0 build
> next build

node.exe : [@serwist/next] 
WARNING: You are using 
'@serwist/next' with `next 
dev --turbopack`, but it 
doesn't support Turbopack. 
Do one of the following:
En C:\Program 
Files\nodejs\npm.ps1: 29 
Carácter: 3
+   & $NODE_EXE $NPM_CLI_JS 
$args
+   
~~~~~~~~~~~~~~~~~~~~~~~~~~~~~
    + CategoryInfo           
   : NotSpecified: ([@serwi  
  st/next]... the followin   
 g::String) [], RemoteExc    
eption
    + FullyQualifiedErrorId  
   : NativeCommandError
 

- Set `disable` to 
`process.env.NODE_ENV !== 
"production"`.

- Use webpack by running 
`next dev --webpack` instead 
of `next dev --turbopack`.

- Migrate to 
'@serwist/turbopack' which 
has experimental support for 
Turbopack. See https://serwis
t.pages.dev/docs/next/turbo 
for more information.

- Migrate to configurator 
mode which has support for 
Turbopack. See https://serwis
t.pages.dev/docs/next/config 
for more information. 

Follow https://github.com/ser
wist/serwist/issues/54 for 
progress on Serwist + 
Turbopack. You can also 
suppress this warning by 
setting SERWIST_SUPPRESS_TURB
OPACK_WARNING=1.

Ôû▓ Next.js 16.1.6 (Turbopack)
- Environments: .env
- Experiments (use with caution):
  ┬À serverActions

ÔÜá The "middleware" file 
convention is deprecated. 
Please use "proxy" instead. 
Learn more: https://nextjs.or
g/docs/messages/middleware-to
-proxy
  Creating an optimized production build ...
memory allocation of 
117440512 bytes failed
