node_modules/@serwist/utils/dist/browserslist.d.ts(1,13): error TS1259: Module '"C:/Users/fabri/OneDrive/Escritorio/azur-os/node_modules/browserslist/index"' can only be default-imported using the 'esModuleInterop' flag
node_modules/typescript/lib/lib.dom.d.ts(23,1): error TS6200: Definitions of the following identifiers conflict with those in another file: ImportExportKind, TableKind, ExportValue, Exports, ImportValue, Imports, ModuleImports, ValueType, name, AlgorithmIdentifier, AllowSharedBufferSource, BigInteger, BlobPart, BodyInit, BufferSource, CSSKeywordish, CSSNumberish, CSSPerspectiveValue, CSSUnparsedSegment, CanvasImageSource, CookieList, DOMHighResTimeStamp, EpochTimeStamp, EventListenerOrEventListenerObject, FileSystemWriteChunkType, Float32List, FormDataEntryValue, GLbitfield, GLboolean, GLclampf, GLenum, GLfloat, GLint, GLint64, GLintptr, GLsizei, GLsizeiptr, GLuint, GLuint64, HashAlgorithmIdentifier, HeadersInit, IDBValidKey, ImageBitmapSource, ImageBufferSource, ImageDataArray, Int32List, MessageEventSource, NamedCurve, OffscreenRenderingContext, OnErrorEventHandler, PerformanceEntryList, ReadableStreamController, ReadableStreamReadResult, ReadableStreamReader, ReportList, RequestInfo, TexImageSource, TimerHandler, Transferable, Uint32List, XMLHttpRequestBodyInit, AlphaOption, AudioSampleFormat, AvcBitstreamFormat, BinaryType, BitrateMode, CSSMathOperator, CSSNumericBaseType, CanvasDirection, CanvasFillRule, CanvasFontKerning, CanvasFontStretch, CanvasFontVariantCaps, CanvasLineCap, CanvasLineJoin, CanvasTextAlign, CanvasTextBaseline, CanvasTextRendering, ClientTypes, CodecState, ColorGamut, ColorSpaceConversion, CompressionFormat, CookieSameSite, DocumentVisibilityState, EncodedAudioChunkType, EncodedVideoChunkType, EndingType, FileSystemHandleKind, FontDisplay, FontFaceLoadStatus, FontFaceSetLoadStatus, GlobalCompositeOperation, HardwareAcceleration, HdrMetadataType, IDBCursorDirection, IDBRequestReadyState, IDBTransactionDurability, IDBTransactionMode, ImageOrientation, ImageSmoothingQuality, KeyFormat, KeyType, KeyUsage, LatencyMode, LockMode, MediaDecodingType, MediaEncodingType, MediaKeysRequirement, NotificationDirection, NotificationPermission, OffscreenRenderingContextId, OpusBitstreamFormat, PermissionName, PermissionState, PredefinedColorSpace, PremultiplyAlpha, PushEncryptionKeyName, RTCDataChannelState, RTCEncodedVideoFrameType, ReadableStreamReaderMode, ReadableStreamType, ReferrerPolicy, RequestCache, RequestCredentials, RequestDestination, RequestMode, RequestPriority, RequestRedirect, ResizeQuality, ResponseType, SecurityPolicyViolationEventDisposition, ServiceWorkerState, ServiceWorkerUpdateViaCache, TransferFunction, VideoColorPrimaries, VideoEncoderBitrateMode, VideoMatrixCoefficients, VideoPixelFormat, VideoTransferCharacteristics, WebGLPowerPreference, WebTransportCongestionControl, WebTransportErrorSource, WorkerType, WriteCommandType, XMLHttpRequestResponseType
node_modules/typescript/lib/lib.dom.d.ts(5332,5): error TS2374: Duplicate index signature for type 'number'.
node_modules/typescript/lib/lib.dom.d.ts(7311,5): error TS2374: Duplicate index signature for type 'number'.
node_modules/typescript/lib/lib.dom.d.ts(7411,5): error TS2374: Duplicate index signature for type 'number'.
node_modules/typescript/lib/lib.dom.d.ts(9347,5): error TS2374: Duplicate index signature for type 'number'.
node_modules/typescript/lib/lib.dom.d.ts(11652,5): error TS2374: Duplicate index signature for type 'number'.
node_modules/typescript/lib/lib.dom.d.ts(18876,5): error TS2374: Duplicate index signature for type 'number'.
node_modules/typescript/lib/lib.webworker.d.ts(23,1): error TS6200: Definitions of the following identifiers conflict with those in another file: ImportExportKind, TableKind, ExportValue, Exports, ImportValue, Imports, ModuleImports, ValueType, name, AlgorithmIdentifier, AllowSharedBufferSource, BigInteger, BlobPart, BodyInit, BufferSource, CSSKeywordish, CSSNumberish, CSSPerspectiveValue, CSSUnparsedSegment, CanvasImageSource, CookieList, DOMHighResTimeStamp, EpochTimeStamp, EventListenerOrEventListenerObject, FileSystemWriteChunkType, Float32List, FormDataEntryValue, GLbitfield, GLboolean, GLclampf, GLenum, GLfloat, GLint, GLint64, GLintptr, GLsizei, GLsizeiptr, GLuint, GLuint64, HashAlgorithmIdentifier, HeadersInit, IDBValidKey, ImageBitmapSource, ImageBufferSource, ImageDataArray, Int32List, MessageEventSource, NamedCurve, OffscreenRenderingContext, OnErrorEventHandler, PerformanceEntryList, ReadableStreamController, ReadableStreamReadResult, ReadableStreamReader, ReportList, RequestInfo, TexImageSource, TimerHandler, Transferable, Uint32List, XMLHttpRequestBodyInit, AlphaOption, AudioSampleFormat, AvcBitstreamFormat, BinaryType, BitrateMode, CSSMathOperator, CSSNumericBaseType, CanvasDirection, CanvasFillRule, CanvasFontKerning, CanvasFontStretch, CanvasFontVariantCaps, CanvasLineCap, CanvasLineJoin, CanvasTextAlign, CanvasTextBaseline, CanvasTextRendering, ClientTypes, CodecState, ColorGamut, ColorSpaceConversion, CompressionFormat, CookieSameSite, DocumentVisibilityState, EncodedAudioChunkType, EncodedVideoChunkType, EndingType, FileSystemHandleKind, FontDisplay, FontFaceLoadStatus, FontFaceSetLoadStatus, GlobalCompositeOperation, HardwareAcceleration, HdrMetadataType, IDBCursorDirection, IDBRequestReadyState, IDBTransactionDurability, IDBTransactionMode, ImageOrientation, ImageSmoothingQuality, KeyFormat, KeyType, KeyUsage, LatencyMode, LockMode, MediaDecodingType, MediaEncodingType, MediaKeysRequirement, NotificationDirection, NotificationPermission, OffscreenRenderingContextId, OpusBitstreamFormat, PermissionName, PermissionState, PredefinedColorSpace, PremultiplyAlpha, PushEncryptionKeyName, RTCDataChannelState, RTCEncodedVideoFrameType, ReadableStreamReaderMode, ReadableStreamType, ReferrerPolicy, RequestCache, RequestCredentials, RequestDestination, RequestMode, RequestPriority, RequestRedirect, ResizeQuality, ResponseType, SecurityPolicyViolationEventDisposition, ServiceWorkerState, ServiceWorkerUpdateViaCache, TransferFunction, VideoColorPrimaries, VideoEncoderBitrateMode, VideoMatrixCoefficients, VideoPixelFormat, VideoTransferCharacteristics, WebGLPowerPreference, WebTransportCongestionControl, WebTransportErrorSource, WorkerType, WriteCommandType, XMLHttpRequestResponseType
node_modules/typescript/lib/lib.webworker.d.ts(1764,5): error TS2374: Duplicate index signature for type 'number'.
node_modules/typescript/lib/lib.webworker.d.ts(1840,13): error TS2403: Subsequent variable declarations must have the same type.  Variable 'CSSNumericValue' must be of type '{ new (): CSSNumericValue; prototype: CSSNumericValue; parse(cssText: string): CSSNumericValue; }', but here has type '{ new (): CSSNumericValue; prototype: CSSNumericValue; }'.
node_modules/typescript/lib/lib.webworker.d.ts(2005,13): error TS2403: Subsequent variable declarations must have the same type.  Variable 'CSSStyleValue' must be of type '{ new (): CSSStyleValue; prototype: CSSStyleValue; parse(property: string, cssText: string): CSSStyleValue; parseAll(property: string, cssText: string): CSSStyleValue[]; }', but here has type '{ new (): CSSStyleValue; prototype: CSSStyleValue; }'.
node_modules/typescript/lib/lib.webworker.d.ts(2061,5): error TS2374: Duplicate index signature for type 'number'.
node_modules/typescript/lib/lib.webworker.d.ts(2138,5): error TS2374: Duplicate index signature for type 'number'.
node_modules/typescript/lib/lib.webworker.d.ts(3488,5): error TS2374: Duplicate index signature for type 'number'.
node_modules/typescript/lib/lib.webworker.d.ts(4218,5): error TS2374: Duplicate index signature for type 'number'.
node_modules/typescript/lib/lib.webworker.d.ts(4761,13): error TS2403: Subsequent variable declarations must have the same type.  Variable 'FormData' must be of type '{ new (form?: HTMLFormElement, submitter?: HTMLElement): FormData; prototype: FormData; }', but here has type '{ new (): FormData; prototype: FormData; }'.
node_modules/typescript/lib/lib.webworker.d.ts(5719,5): error TS2374: Duplicate index signature for type 'number'.
node_modules/typescript/lib/lib.webworker.d.ts(6181,13): error TS2403: Subsequent variable declarations must have the same type.  Variable 'Notification' must be of type '{ new (title: string, options?: NotificationOptions): Notification; prototype: Notification; readonly permission: NotificationPermission; requestPermission(deprecatedCallback?: NotificationPermissionCallback): Promise<...>; }', but here has type '{ new (title: string, options?: NotificationOptions): Notification; prototype: Notification; readonly permission: NotificationPermission; }'.
node_modules/typescript/lib/lib.webworker.d.ts(7188,5): error TS2717: Subsequent property declarations must have the same type.  Property '"error"' must be of type 'RTCErrorEvent', but here has type 'Event'.
node_modules/typescript/lib/lib.webworker.d.ts(7254,5): error TS2717: Subsequent property declarations must have the same type.  Property 'onerror' must be of type '(this: RTCDataChannel, ev: RTCErrorEvent) => any', but here has type '(this: RTCDataChannel, ev: Event) => any'.
node_modules/typescript/lib/lib.webworker.d.ts(8810,13): error TS2403: Subsequent variable declarations must have the same type.  Variable 'URL' must be of type '{ new (url: string | URL, base?: string | URL): URL; prototype: URL; canParse(url: string | URL, base?: string | URL): boolean; createObjectURL(obj: Blob | MediaSource): string; parse(url: string | URL, base?: string | URL): URL; revokeObjectURL(url: string): void; }', but here has type '{ new (url: string | URL, base?: string | URL): URL; prototype: URL; canParse(url: string | URL, base?: string | URL): boolean; createObjectURL(obj: Blob): string; parse(url: string | URL, base?: string | URL): URL; revokeObjectURL(url: string): void; }'.
node_modules/typescript/lib/lib.webworker.d.ts(12920,13): error TS2403: Subsequent variable declarations must have the same type.  Variable 'location' must be of type 'Location', but here has type 'WorkerLocation'.
node_modules/typescript/lib/lib.webworker.d.ts(12926,13): error TS2403: Subsequent variable declarations must have the same type.  Variable 'navigator' must be of type 'Navigator', but here has type 'WorkerNavigator'.
node_modules/typescript/lib/lib.webworker.d.ts(12928,13): error TS2403: Subsequent variable declarations must have the same type.  Variable 'onerror' must be of type 'OnErrorEventHandlerNonNull', but here has type '(this: DedicatedWorkerGlobalScope, ev: ErrorEvent) => any'.
node_modules/typescript/lib/lib.webworker.d.ts(12930,13): error TS2403: Subsequent variable declarations must have the same type.  Variable 'onlanguagechange' must be of type '(this: Window, ev: Event) => any', but here has type '(this: DedicatedWorkerGlobalScope, ev: Event) => any'.
node_modules/typescript/lib/lib.webworker.d.ts(12932,13): error TS2403: Subsequent variable declarations must have the same type.  Variable 'onoffline' must be of type '(this: Window, ev: Event) => any', but here has type '(this: DedicatedWorkerGlobalScope, ev: Event) => any'.
node_modules/typescript/lib/lib.webworker.d.ts(12934,13): error TS2403: Subsequent variable declarations must have the same type.  Variable 'ononline' must be of type '(this: Window, ev: Event) => any', but here has type '(this: DedicatedWorkerGlobalScope, ev: Event) => any'.
node_modules/typescript/lib/lib.webworker.d.ts(12936,13): error TS2403: Subsequent variable declarations must have the same type.  Variable 'onrejectionhandled' must be of type '(this: Window, ev: PromiseRejectionEvent) => any', but here has type '(this: DedicatedWorkerGlobalScope, ev: PromiseRejectionEvent) => any'.
node_modules/typescript/lib/lib.webworker.d.ts(12938,13): error TS2403: Subsequent variable declarations must have the same type.  Variable 'onunhandledrejection' must be of type '(this: Window, ev: PromiseRejectionEvent) => any', but here has type '(this: DedicatedWorkerGlobalScope, ev: PromiseRejectionEvent) => any'.
node_modules/typescript/lib/lib.webworker.d.ts(12944,13): error TS2403: Subsequent variable declarations must have the same type.  Variable 'self' must be of type 'Window & typeof globalThis', but here has type 'WorkerGlobalScope & typeof globalThis'.
node_modules/typescript/lib/lib.webworker.d.ts(13005,13): error TS2403: Subsequent variable declarations must have the same type.  Variable 'onmessage' must be of type '(this: Window, ev: MessageEvent<any>) => any', but here has type '(this: DedicatedWorkerGlobalScope, ev: MessageEvent<any>) => any'.
node_modules/typescript/lib/lib.webworker.d.ts(13007,13): error TS2403: Subsequent variable declarations must have the same type.  Variable 'onmessageerror' must be of type '(this: Window, ev: MessageEvent<any>) => any', but here has type '(this: DedicatedWorkerGlobalScope, ev: MessageEvent<any>) => any'.
